// Jest Snapshot v1, https://goo.gl/fbAQLP

exports[`Gallery renders correctly 1`] = `
.c0 {
  background-color: var(--primary-light-transparent);
  border-radius: 25px;
  box-shadow: 0px 0px 20px var(--shadow-dark);
  display: grid;
  gap: var(--gap-medium);
  padding: 25px;
  place-items: center;
  width: 100%;
}

.c1 {
  font-size: 130%;
}

<section
  class="c0"
>
  <span
    class="c1"
  >
    loading...
  </span>
</section>
`;
